// Jest Snapshot v1, https://goo.gl/fbAQLP

exports[`NewCardForm that it matches the existing snapshot 1`] = `
<DocumentFragment>
  <form
    class="new-card-form"
  >
    <header
      class="new-card-form__header"
    >
      Post a Note
    </header>
    <div
      class="new-card-form__form"
    >
      <label
        class="new-card-form__form-label"
        for="text"
      >
        Text
      </label>
      <input
        class="new-card-form__form-textarea "
        name="text"
        placeholder="Your text here"
        type="text"
        value=""
      />
      <label
        class="new-card-form__form-label"
        for="emoji"
      >
        Emoji
      </label>
      <input
        class="new-card-form__form-textarea"
        name="emoji"
        placeholder="Emoji name"
        type="text"
        value=""
      />
      <input
        class="new-card-form__form-button"
        type="submit"
        value="submit a note"
      />
    </div>
  </form>
</DocumentFragment>
`;
